// Jest Snapshot v1, https://goo.gl/fbAQLP

exports[`Prueba en <CounterApp /> Debe hacer Match con el Snapshot 1`] = `
<div>
  <h1>
     CounterApp 
  </h1>
  <h2>
     
    100
     
  </h2>
  <button>
     -1 
  </button>
  <button>
     Reset 
  </button>
  <button>
     +1 
  </button>
</div>
`;
