// Jest Snapshot v1, https://goo.gl/fbAQLP

exports[`Prueba en <App /> Debe hacer Match con el Snapshot 1`] = `
<div>
  <h1>
     
    Hola Soy Juancho
     
  </h1>
  <h2>
    No hay Subtitulo
  </h2>
  <h3>
    Juan Valencia
  </h3>
</div>
`;
